Archive member included to satisfy reference by file (symbol)

c:/program files (x86)/atmel/studio/7.0/toolchain/avr8/avr8-gnu-toolchain/bin/../lib/gcc/avr/4.9.2/../../../../avr/lib\libpololu_atmega328p.a(OrangutanAnalog.o)
                              main.o (read_battery_millivolts_3pi)
c:/program files (x86)/atmel/studio/7.0/toolchain/avr8/avr8-gnu-toolchain/bin/../lib/gcc/avr/4.9.2/../../../../avr/lib\libpololu_atmega328p.a(OrangutanBuzzer.o)
                              main.o (is_playing)
c:/program files (x86)/atmel/studio/7.0/toolchain/avr8/avr8-gnu-toolchain/bin/../lib/gcc/avr/4.9.2/../../../../avr/lib\libpololu_atmega328p.a(OrangutanLCD.o)
                              main.o (lcd_load_custom_character)
c:/program files (x86)/atmel/studio/7.0/toolchain/avr8/avr8-gnu-toolchain/bin/../lib/gcc/avr/4.9.2/../../../../avr/lib\libpololu_atmega328p.a(OrangutanMotors.o)
                              main.o (set_motors)
c:/program files (x86)/atmel/studio/7.0/toolchain/avr8/avr8-gnu-toolchain/bin/../lib/gcc/avr/4.9.2/../../../../avr/lib\libpololu_atmega328p.a(OrangutanPushbuttons.o)
                              main.o (wait_for_button_release)
c:/program files (x86)/atmel/studio/7.0/toolchain/avr8/avr8-gnu-toolchain/bin/../lib/gcc/avr/4.9.2/../../../../avr/lib\libpololu_atmega328p.a(OrangutanTime.o)
                              main.o (delay_ms)
c:/program files (x86)/atmel/studio/7.0/toolchain/avr8/avr8-gnu-toolchain/bin/../lib/gcc/avr/4.9.2/../../../../avr/lib\libpololu_atmega328p.a(Pololu3pi.o)
                              main.o (calibrate_line_sensors)
c:/program files (x86)/atmel/studio/7.0/toolchain/avr8/avr8-gnu-toolchain/bin/../lib/gcc/avr/4.9.2/../../../../avr/lib\libpololu_atmega328p.a(PololuQTRSensors.o)
                              c:/program files (x86)/atmel/studio/7.0/toolchain/avr8/avr8-gnu-toolchain/bin/../lib/gcc/avr/4.9.2/../../../../avr/lib\libpololu_atmega328p.a(Pololu3pi.o) (_ZN16PololuQTRSensors11emittersOffEv)
c:/program files (x86)/atmel/studio/7.0/toolchain/avr8/avr8-gnu-toolchain/bin/../lib/gcc/avr/4.9.2/avr5\libgcc.a(_udivmodqi4.o)
                              c:/program files (x86)/atmel/studio/7.0/toolchain/avr8/avr8-gnu-toolchain/bin/../lib/gcc/avr/4.9.2/../../../../avr/lib\libpololu_atmega328p.a(OrangutanBuzzer.o) (__udivmodqi4)
c:/program files (x86)/atmel/studio/7.0/toolchain/avr8/avr8-gnu-toolchain/bin/../lib/gcc/avr/4.9.2/avr5\libgcc.a(_udivmodhi4.o)
                              c:/program files (x86)/atmel/studio/7.0/toolchain/avr8/avr8-gnu-toolchain/bin/../lib/gcc/avr/4.9.2/../../../../avr/lib\libpololu_atmega328p.a(OrangutanAnalog.o) (__udivmodhi4)
c:/program files (x86)/atmel/studio/7.0/toolchain/avr8/avr8-gnu-toolchain/bin/../lib/gcc/avr/4.9.2/avr5\libgcc.a(_divmodhi4.o)
                              c:/program files (x86)/atmel/studio/7.0/toolchain/avr8/avr8-gnu-toolchain/bin/../lib/gcc/avr/4.9.2/../../../../avr/lib\libpololu_atmega328p.a(OrangutanAnalog.o) (__divmodhi4)
c:/program files (x86)/atmel/studio/7.0/toolchain/avr8/avr8-gnu-toolchain/bin/../lib/gcc/avr/4.9.2/avr5\libgcc.a(_udivmodsi4.o)
                              c:/program files (x86)/atmel/studio/7.0/toolchain/avr8/avr8-gnu-toolchain/bin/../lib/gcc/avr/4.9.2/../../../../avr/lib\libpololu_atmega328p.a(OrangutanAnalog.o) (__udivmodsi4)
c:/program files (x86)/atmel/studio/7.0/toolchain/avr8/avr8-gnu-toolchain/bin/../lib/gcc/avr/4.9.2/avr5\libgcc.a(_divmodsi4.o)
                              c:/program files (x86)/atmel/studio/7.0/toolchain/avr8/avr8-gnu-toolchain/bin/../lib/gcc/avr/4.9.2/../../../../avr/lib\libpololu_atmega328p.a(OrangutanBuzzer.o) (__divmodsi4)
c:/program files (x86)/atmel/studio/7.0/toolchain/avr8/avr8-gnu-toolchain/bin/../lib/gcc/avr/4.9.2/avr5\libgcc.a(_negsi2.o)
                              c:/program files (x86)/atmel/studio/7.0/toolchain/avr8/avr8-gnu-toolchain/bin/../lib/gcc/avr/4.9.2/avr5\libgcc.a(_divmodsi4.o) (__negsi2)
c:/program files (x86)/atmel/studio/7.0/toolchain/avr8/avr8-gnu-toolchain/bin/../lib/gcc/avr/4.9.2/avr5\libgcc.a(_exit.o)
                              C:/Program Files (x86)/Atmel/Studio/7.0/Packs/atmel/ATmega_DFP/1.0.98/gcc/dev/atmega328p/avr5/crtatmega328p.o (exit)
c:/program files (x86)/atmel/studio/7.0/toolchain/avr8/avr8-gnu-toolchain/bin/../lib/gcc/avr/4.9.2/avr5\libgcc.a(_copy_data.o)
                              main.o (__do_copy_data)
c:/program files (x86)/atmel/studio/7.0/toolchain/avr8/avr8-gnu-toolchain/bin/../lib/gcc/avr/4.9.2/avr5\libgcc.a(_clear_bss.o)
                              c:/program files (x86)/atmel/studio/7.0/toolchain/avr8/avr8-gnu-toolchain/bin/../lib/gcc/avr/4.9.2/../../../../avr/lib\libpololu_atmega328p.a(OrangutanBuzzer.o) (__do_clear_bss)
c:/program files (x86)/atmel/studio/7.0/toolchain/avr8/avr8-gnu-toolchain/bin/../lib/gcc/avr/4.9.2/avr5\libgcc.a(_dtors.o)
[...]
Memory Configuration

Name             Origin             Length             Attributes
text             0x00000000         0x00020000         xr
data             0x00800060         0x0000ffa0         rw !x
eeprom           0x00810000         0x00010000         rw !x
fuse             0x00820000         0x00000400         rw !x
lock             0x00830000         0x00000400         rw !x
signature        0x00840000         0x00000400         rw !x
user_signatures  0x00850000         0x00000400         rw !x
*default*        0x00000000         0xffffffff

Linker script and memory map

Address of section .data set to 0x800100
LOAD C:/Program Files (x86)/Atmel/Studio/7.0/Packs/atmel/ATmega_DFP/1.0.98/gcc/dev/atmega328p/avr5/crtatmega328p.o
LOAD main.o
START GROUP
LOAD c:/program files (x86)/atmel/studio/7.0/toolchain/avr8/avr8-gnu-toolchain/bin/../lib/gcc/avr/4.9.2/../../../../avr/lib/avr5\libm.a
END GROUP
LOAD c:/program files (x86)/atmel/studio/7.0/toolchain/avr8/avr8-gnu-toolchain/bin/../lib/gcc/avr/4.9.2/../../../../avr/lib\libpololu_atmega328p.a
START GROUP
LOAD c:/program files (x86)/atmel/studio/7.0/toolchain/avr8/avr8-gnu-toolchain/bin/../lib/gcc/avr/4.9.2/avr5\libgcc.a
LOAD c:/program files (x86)/atmel/studio/7.0/toolchain/avr8/avr8-gnu-toolchain/bin/../lib/gcc/avr/4.9.2/../../../../avr/lib/avr5\libm.a
LOAD c:/program files (x86)/atmel/studio/7.0/toolchain/avr8/avr8-gnu-toolchain/bin/../lib/gcc/avr/4.9.2/../../../../avr/lib/avr5\libc.a
LOAD C:/Program Files (x86)/Atmel/Studio/7.0/Packs/atmel/ATmega_DFP/1.0.98/gcc/dev/atmega328p/avr5\libatmega328p.a
END GROUP

.hash
 *(.hash)

.dynsym
 *(.dynsym)

.dynstr
 *(.dynstr)

.gnu.version
 *(.gnu.version)

.gnu.version_d
 *(.gnu.version_d)

.gnu.version_r
 *(.gnu.version_r)

.rel.init
 *(.rel.init)

.rela.init
 *(.rela.init)

.rel.text
 *(.rel.text)
 *(.rel.text.*)
 *(.rel.gnu.linkonce.t*)

.rela.text
 *(.rela.text)
 *(.rela.text.*)
 *(.rela.gnu.linkonce.t*)

.rel.fini
 *(.rel.fini)

.rela.fini
 *(.rela.fini)

.rel.rodata
 *(.rel.rodata)
 *(.rel.rodata.*)
 *(.rel.gnu.linkonce.r*)

.rela.rodata
 *(.rela.rodata)
 *(.rela.rodata.*)
 *(.rela.gnu.linkonce.r*)

.rel.data
 *(.rel.data)
 *(.rel.data.*)
 *(.rel.gnu.linkonce.d*)

.rela.data
 *(.rela.data)
 *(.rela.data.*)
 *(.rela.gnu.linkonce.d*)

.rel.ctors
 *(.rel.ctors)

.rela.ctors
 *(.rela.ctors)

.rel.dtors
 *(.rel.dtors)

.rela.dtors
 *(.rela.dtors)

.rel.got
 *(.rel.got)

.rela.got
 *(.rela.got)

.rel.bss
 *(.rel.bss)

.rela.bss
 *(.rela.bss)

.rel.plt
 *(.rel.plt)

.rela.plt
 *(.rela.plt)

.text           0x00000000     0x2166
 *(.vectors)
 .vectors       0x00000000       0x68 C:/Program Files (x86)/Atmel/Studio/7.0/Packs/atmel/ATmega_DFP/1.0.98/gcc/dev/atmega328p/avr5/crtatmega328p.o
                0x00000000                __vector_default
                0x00000000                __vectors
 *(.vectors)
 *(.progmem.gcc*)
                0x00000068                . = ALIGN (0x2)
                0x00000068                __trampolines_start = .
 *(.trampolines)
 .trampolines   0x00000068        0x0 linker stubs
 *(.trampolines*)
                0x00000068                __trampolines_end = .
 *(.progmem*)
 .progmem.data.levels
                0x00000068        0xe main.o
                0x00000068                levels
 .progmem.data.go
                0x00000076        0xd main.o
                0x00000076                go
 .progmem.data.welcome
                0x00000083        0xa main.o
                0x00000083                welcome
 .progmem.data.demo_name_line2
                0x0000008d        0x9 main.o
                0x0000008d                demo_name_line2
 .progmem.data.demo_name_line1
                0x00000096        0x5 main.o
                0x00000096                demo_name_line1
 .progmem.data.welcome_line2
                0x0000009b        0x9 main.o
                0x0000009b                welcome_line2
 .progmem.data.welcome_line1
                0x000000a4        0x8 main.o
                0x000000a4                welcome_line1
                0x000000ac                . = ALIGN (0x2)
 *(.jumptables)
 *(.jumptables*)
 *(.lowtext)
 *(.lowtext*)
                0x000000ac                __ctors_start = .
 *(.ctors)
                0x000000ac                __ctors_end = .
                0x000000ac                __dtors_start = .
 *(.dtors)
 .dtors         0x000000ac        0x2 c:/program files (x86)/atmel/studio/7.0/toolchain/avr8/avr8-gnu-toolchain/bin/../lib/gcc/avr/4.9.2/../../../../avr/lib\libpololu_atmega328p.a(Pololu3pi.o)
                0x000000ae                __dtors_end = .
 SORT(*)(.ctors)
 SORT(*)(.dtors)
 *(.init0)
 .init0         0x000000ae        0x0 C:/Program Files (x86)/Atmel/Studio/7.0/Packs/atmel/ATmega_DFP/1.0.98/gcc/dev/atmega328p/avr5/crtatmega328p.o
                0x000000ae                __init
 *(.init0)
 *(.init1)
 *(.init1)
 *(.init2)
 .init2         0x000000ae        0xc C:/Program Files (x86)/Atmel/Studio/7.0/Packs/atmel/ATmega_DFP/1.0.98/gcc/dev/atmega328p/avr5/crtatmega328p.o
 *(.init2)
 *(.init3)
 *(.init3)
 *(.init4)
 .init4         0x000000ba       0x16 c:/program files (x86)/atmel/studio/7.0/toolchain/avr8/avr8-gnu-toolchain/bin/../lib/gcc/avr/4.9.2/avr5\libgcc.a(_copy_data.o)
                0x000000ba                __do_copy_data
 .init4         0x000000d0       0x10 c:/program files (x86)/atmel/studio/7.0/toolchain/avr8/avr8-gnu-toolchain/bin/../lib/gcc/avr/4.9.2/avr5\libgcc.a(_clear_bss.o)
                0x000000d0                __do_clear_bss
 *(.init4)
 *(.init5)
 *(.init5)
 *(.init6)
 *(.init6)
 *(.init7)
 *(.init7)
 *(.init8)
 *(.init8)
 *(.init9)
 .init9         0x000000e0        0x8 C:/Program Files (x86)/Atmel/Studio/7.0/Packs/atmel/ATmega_DFP/1.0.98/gcc/dev/atmega328p/avr5/crtatmega328p.o
 *(.init9)
 *(.text)
 .text          0x000000e8        0x4 C:/Program Files (x86)/Atmel/Studio/7.0/Packs/atmel/ATmega_DFP/1.0.98/gcc/dev/atmega328p/avr5/crtatmega328p.o
                0x000000e8                __vector_22
                0x000000e8                __vector_1
                0x000000e8                __vector_24
                0x000000e8                __vector_12
                0x000000e8                __bad_interrupt
                0x000000e8                __vector_6
                0x000000e8                __vector_3
                0x000000e8                __vector_23
                0x000000e8                __vector_25
                0x000000e8                __vector_11
                0x000000e8                __vector_17
                0x000000e8                __vector_19
                0x000000e8                __vector_7
                0x000000e8                __vector_5
                0x000000e8                __vector_4
                0x000000e8                __vector_2
                0x000000e8                __vector_21
                0x000000e8                __vector_15
                0x000000e8                __vector_8
                0x000000e8                __vector_14
                0x000000e8                __vector_10
                0x000000e8                __vector_16
                0x000000e8                __vector_18
                0x000000e8                __vector_20
                0x000000ec                . = ALIGN (0x2)
 *(.text.*)
 .text.load_custom_characters
                0x000000ec       0x4c main.o
                0x000000ec                load_custom_characters
 .text.display_readings
                0x00000138       0x92 main.o
                0x00000138                display_readings
 .text.initialize
                0x000001ca      0x17e main.o
                0x000001ca                initialize
 .text.main     0x00000348       0xd2 main.o
                0x00000348                main
 .text._ZN15OrangutanAnalog7setModeEh.part.0
                0x0000041a        0xc c:/program files (x86)/atmel/studio/7.0/toolchain/avr8/avr8-gnu-toolchain/bin/../lib/gcc/avr/4.9.2/../../../../avr/lib\libpololu_atmega328p.a(OrangutanAnalog.o)
 .text._ZN15OrangutanAnalog7setModeEh
                0x00000426       0x16 c:/program files (x86)/atmel/studio/7.0/toolchain/avr8/avr8-gnu-toolchain/bin/../lib/gcc/avr/4.9.2/../../../../avr/lib\libpololu_atmega328p.a(OrangutanAnalog.o)
                0x00000426                _ZN15OrangutanAnalog7setModeEh
 .text._ZN15OrangutanAnalog7getModeEv
                0x0000043c        0xc c:/program files (x86)/atmel/studio/7.0/toolchain/avr8/avr8-gnu-toolchain/bin/../lib/gcc/avr/4.9.2/../../../../avr/lib\libpololu_atmega328p.a(OrangutanAnalog.o)
                0x0000043c                _ZN15OrangutanAnalog7getModeEv
 .text._ZN15OrangutanAnalog16conversionResultEv
                0x00000448       0x1a c:/program files (x86)/atmel/studio/7.0/toolchain/avr8/avr8-gnu-toolchain/bin/../lib/gcc/avr/4.9.2/../../../../avr/lib\libpololu_atmega328p.a(OrangutanAnalog.o)
                0x00000448                _ZN15OrangutanAnalog16conversionResultEv
 .text._ZN15OrangutanAnalog15startConversionEhh
                0x00000462       0x2e c:/program files (x86)/atmel/studio/7.0/toolchain/avr8/avr8-gnu-toolchain/bin/../lib/gcc/avr/4.9.2/../../../../avr/lib\libpololu_atmega328p.a(OrangutanAnalog.o)
                0x00000462                _ZN15OrangutanAnalog15startConversionEhh
 .text._ZN15OrangutanAnalog11readAverageEhj
                0x00000490       0x8c c:/program files (x86)/atmel/studio/7.0/toolchain/avr8/avr8-gnu-toolchain/bin/../lib/gcc/avr/4.9.2/../../../../avr/lib\libpololu_atmega328p.a(OrangutanAnalog.o)
                0x00000490                _ZN15OrangutanAnalog11readAverageEhj
 .text._ZN15OrangutanAnalog12toMillivoltsEj
                0x0000051c       0x5c c:/program files (x86)/atmel/studio/7.0/toolchain/avr8/avr8-gnu-toolchain/bin/../lib/gcc/avr/4.9.2/../../../../avr/lib\libpololu_atmega328p.a(OrangutanAnalog.o)
                0x0000051c                _ZN15OrangutanAnalog12toMillivoltsEj
 .text._ZN15OrangutanAnalog21readAverageMillivoltsEhj
                0x00000578        0xa c:/program files (x86)/atmel/studio/7.0/toolchain/avr8/avr8-gnu-toolchain/bin/../lib/gcc/avr/4.9.2/../../../../avr/lib\libpololu_atmega328p.a(OrangutanAnalog.o)
                0x00000578                _ZN15OrangutanAnalog21readAverageMillivoltsEhj
 .text._ZN15OrangutanAnalog25readBatteryMillivolts_3piEv
                0x00000582       0x3a c:/program files (x86)/atmel/studio/7.0/toolchain/avr8/avr8-gnu-toolchain/bin/../lib/gcc/avr/4.9.2/../../../../avr/lib\libpololu_atmega328p.a(OrangutanAnalog.o)
                0x00000582                _ZN15OrangutanAnalog25readBatteryMillivolts_3piEv
 .text.read_battery_millivolts_3pi
                0x000005bc        0x6 c:/program files (x86)/atmel/studio/7.0/toolchain/avr8/avr8-gnu-toolchain/bin/../lib/gcc/avr/4.9.2/../../../../avr/lib\libpololu_atmega328p.a(OrangutanAnalog.o)
                0x000005bc                read_battery_millivolts_3pi
 .text._ZL16currentCharacterv
                0x000005c2       0x3a c:/program files (x86)/atmel/studio/7.0/toolchain/avr8/avr8-gnu-toolchain/bin/../lib/gcc/avr/4.9.2/../../../../avr/lib\libpololu_atmega328p.a(OrangutanBuzzer.o)
 .text._ZL9getNumberv
                0x000005fc       0x50 c:/program files (x86)/atmel/studio/7.0/toolchain/avr8/avr8-gnu-toolchain/bin/../lib/gcc/avr/4.9.2/../../../../avr/lib\libpololu_atmega328p.a(OrangutanBuzzer.o)
 .text._ZN15OrangutanBuzzer5init2Ev
                0x0000064c       0x2e c:/program files (x86)/atmel/studio/7.0/toolchain/avr8/avr8-gnu-toolchain/bin/../lib/gcc/avr/4.9.2/../../../../avr/lib\libpololu_atmega328p.a(OrangutanBuzzer.o)
                0x0000064c                _ZN15OrangutanBuzzer5init2Ev
 .text._ZN15OrangutanBuzzer13playFrequencyEjjh
                0x0000067a      0x178 c:/program files (x86)/atmel/studio/7.0/toolchain/avr8/avr8-gnu-toolchain/bin/../lib/gcc/avr/4.9.2/../../../../avr/lib\libpololu_atmega328p.a(OrangutanBuzzer.o)
                0x0000067a                _ZN15OrangutanBuzzer13playFrequencyEjjh
 .text._ZN15OrangutanBuzzer8playNoteEhjh
                0x000007f2       0xa8 c:/program files (x86)/atmel/studio/7.0/toolchain/avr8/avr8-gnu-toolchain/bin/../lib/gcc/avr/4.9.2/../../../../avr/lib\libpololu_atmega328p.a(OrangutanBuzzer.o)
                0x000007f2                _ZN15OrangutanBuzzer8playNoteEhjh
 .text._ZL8nextNotev
                0x0000089a      0x296 c:/program files (x86)/atmel/studio/7.0/toolchain/avr8/avr8-gnu-toolchain/bin/../lib/gcc/avr/4.9.2/../../../../avr/lib\libpololu_atmega328p.a(OrangutanBuzzer.o)
 .text.__vector_13
                0x00000b30       0xa2 c:/program files (x86)/atmel/studio/7.0/toolchain/avr8/avr8-gnu-toolchain/bin/../lib/gcc/avr/4.9.2/../../../../avr/lib\libpololu_atmega328p.a(OrangutanBuzzer.o)
                0x00000b30                __vector_13
 .text._ZN15OrangutanBuzzer9isPlayingEv
                0x00000bd2       0x1e c:/program files (x86)/atmel/studio/7.0/toolchain/avr8/avr8-gnu-toolchain/bin/../lib/gcc/avr/4.9.2/../../../../avr/lib\libpololu_atmega328p.a(OrangutanBuzzer.o)
                0x00000bd2                _ZN15OrangutanBuzzer9isPlayingEv
 .text.is_playing
                0x00000bf0        0x6 c:/program files (x86)/atmel/studio/7.0/toolchain/avr8/avr8-gnu-toolchain/bin/../lib/gcc/avr/4.9.2/../../../../avr/lib\libpololu_atmega328p.a(OrangutanBuzzer.o)
                0x00000bf0                is_playing
 .text._ZN15OrangutanBuzzer20playFromProgramSpaceEPKc
                0x00000bf6       0x1c c:/program files (x86)/atmel/studio/7.0/toolchain/avr8/avr8-gnu-toolchain/bin/../lib/gcc/avr/4.9.2/../../../../avr/lib\libpololu_atmega328p.a(OrangutanBuzzer.o)
                0x00000bf6                _ZN15OrangutanBuzzer20playFromProgramSpaceEPKc
 .text.play_from_program_space
                0x00000c12        0x6 c:/program files (x86)/atmel/studio/7.0/toolchain/avr8/avr8-gnu-toolchain/bin/../lib/gcc/avr/4.9.2/../../../../avr/lib\libpololu_atmega328p.a(OrangutanBuzzer.o)
                0x00000c12                play_from_program_space
 .text.delay_us.constprop.0
                0x00000c18       0x14 c:/program files (x86)/atmel/studio/7.0/toolchain/avr8/avr8-gnu-toolchain/bin/../lib/gcc/avr/4.9.2/../../../../avr/lib\libpololu_atmega328p.a(OrangutanLCD.o)
 .text._ZN12OrangutanLCD8busyWaitEv
                0x00000c2c       0x60 c:/program files (x86)/atmel/studio/7.0/toolchain/avr8/avr8-gnu-toolchain/bin/../lib/gcc/avr/4.9.2/../../../../avr/lib\libpololu_atmega328p.a(OrangutanLCD.o)
                0x00000c2c                _ZN12OrangutanLCD8busyWaitEv
 .text._ZN12OrangutanLCD8sendDataEh
                0x00000c8c       0x3c c:/program files (x86)/atmel/studio/7.0/toolchain/avr8/avr8-gnu-toolchain/bin/../lib/gcc/avr/4.9.2/../../../../avr/lib\libpololu_atmega328p.a(OrangutanLCD.o)
                0x00000c8c                _ZN12OrangutanLCD8sendDataEh
 .text._ZN12OrangutanLCD4sendEhhh
                0x00000cc8       0x6e c:/program files (x86)/atmel/studio/7.0/toolchain/avr8/avr8-gnu-toolchain/bin/../lib/gcc/avr/4.9.2/../../../../avr/lib\libpololu_atmega328p.a(OrangutanLCD.o)
                0x00000cc8                _ZN12OrangutanLCD4sendEhhh
 .text._ZN12OrangutanLCD8send_cmdEh
                0x00000d36        0xa c:/program files (x86)/atmel/studio/7.0/toolchain/avr8/avr8-gnu-toolchain/bin/../lib/gcc/avr/4.9.2/../../../../avr/lib\libpololu_atmega328p.a(OrangutanLCD.o)
                0x00000d36                _ZN12OrangutanLCD8send_cmdEh
 .text._ZN12OrangutanLCD9send_dataEh
                0x00000d40        0xa c:/program files (x86)/atmel/studio/7.0/toolchain/avr8/avr8-gnu-toolchain/bin/../lib/gcc/avr/4.9.2/../../../../avr/lib\libpololu_atmega328p.a(OrangutanLCD.o)
                0x00000d40                _ZN12OrangutanLCD9send_dataEh
 .text._ZN12OrangutanLCD19loadCustomCharacterEPKch
                0x00000d4a       0x48 c:/program files (x86)/atmel/studio/7.0/toolchain/avr8/avr8-gnu-toolchain/bin/../lib/gcc/avr/4.9.2/../../../../avr/lib\libpololu_atmega328p.a(OrangutanLCD.o)
                0x00000d4a                _ZN12OrangutanLCD19loadCustomCharacterEPKch
 .text.lcd_load_custom_character
                0x00000d92        0x6 c:/program files (x86)/atmel/studio/7.0/toolchain/avr8/avr8-gnu-toolchain/bin/../lib/gcc/avr/4.9.2/../../../../avr/lib\libpololu_atmega328p.a(OrangutanLCD.o)
                0x00000d92                lcd_load_custom_character
 .text.print_character
                0x00000d98        0x6 c:/program files (x86)/atmel/studio/7.0/toolchain/avr8/avr8-gnu-toolchain/bin/../lib/gcc/avr/4.9.2/../../../../avr/lib\libpololu_atmega328p.a(OrangutanLCD.o)
                0x00000d98                print_character
 .text._ZN12OrangutanLCD13send_4bit_cmdEh
                0x00000d9e        0xa c:/program files (x86)/atmel/studio/7.0/toolchain/avr8/avr8-gnu-toolchain/bin/../lib/gcc/avr/4.9.2/../../../../avr/lib\libpololu_atmega328p.a(OrangutanLCD.o)
                0x00000d9e                _ZN12OrangutanLCD13send_4bit_cmdEh
 .text._ZN12OrangutanLCD5init2Ev
                0x00000da8       0x7e c:/program files (x86)/atmel/studio/7.0/toolchain/avr8/avr8-gnu-toolchain/bin/../lib/gcc/avr/4.9.2/../../../../avr/lib\libpololu_atmega328p.a(OrangutanLCD.o)
                0x00000da8                _ZN12OrangutanLCD5init2Ev
 .text._ZN12OrangutanLCD5clearEv
                0x00000e26       0x52 c:/program files (x86)/atmel/studio/7.0/toolchain/avr8/avr8-gnu-toolchain/bin/../lib/gcc/avr/4.9.2/../../../../avr/lib\libpololu_atmega328p.a(OrangutanLCD.o)
                0x00000e26                _ZN12OrangutanLCD5clearEv
 .text.clear    0x00000e78        0x6 c:/program files (x86)/atmel/studio/7.0/toolchain/avr8/avr8-gnu-toolchain/bin/../lib/gcc/avr/4.9.2/../../../../avr/lib\libpololu_atmega328p.a(OrangutanLCD.o)
                0x00000e78                clear
 .text._ZN12OrangutanLCD5printEPKc
                0x00000e7e       0x18 c:/program files (x86)/atmel/studio/7.0/toolchain/avr8/avr8-gnu-toolchain/bin/../lib/gcc/avr/4.9.2/../../../../avr/lib\libpololu_atmega328p.a(OrangutanLCD.o)
                0x00000e7e                _ZN12OrangutanLCD5printEPKc
 .text.print    0x00000e96        0x6 c:/program files (x86)/atmel/studio/7.0/toolchain/avr8/avr8-gnu-toolchain/bin/../lib/gcc/avr/4.9.2/../../../../avr/lib\libpololu_atmega328p.a(OrangutanLCD.o)
                0x00000e96                print
 .text._ZN12OrangutanLCD21printFromProgramSpaceEPKc
                0x00000e9c       0x1c c:/program files (x86)/atmel/studio/7.0/toolchain/avr8/avr8-gnu-toolchain/bin/../lib/gcc/avr/4.9.2/../../../../avr/lib\libpololu_atmega328p.a(OrangutanLCD.o)
                0x00000e9c                _ZN12OrangutanLCD21printFromProgramSpaceEPKc
 .text.print_from_program_space
                0x00000eb8        0x6 c:/program files (x86)/atmel/studio/7.0/toolchain/avr8/avr8-gnu-toolchain/bin/../lib/gcc/avr/4.9.2/../../../../avr/lib\libpololu_atmega328p.a(OrangutanLCD.o)
                0x00000eb8                print_from_program_space
 .text._ZN12OrangutanLCD5printEm
                0x00000ebe       0x6c c:/program files (x86)/atmel/studio/7.0/toolchain/avr8/avr8-gnu-toolchain/bin/../lib/gcc/avr/4.9.2/../../../../avr/lib\libpololu_atmega328p.a(OrangutanLCD.o)
                0x00000ebe                _ZN12OrangutanLCD5printEm
 .text._ZN12OrangutanLCD5printEl
                0x00000f2a       0x38 c:/program files (x86)/atmel/studio/7.0/toolchain/avr8/avr8-gnu-toolchain/bin/../lib/gcc/avr/4.9.2/../../../../avr/lib\libpololu_atmega328p.a(OrangutanLCD.o)
                0x00000f2a                _ZN12OrangutanLCD5printEl
 .text.print_long
                0x00000f62        0x6 c:/program files (x86)/atmel/studio/7.0/toolchain/avr8/avr8-gnu-toolchain/bin/../lib/gcc/avr/4.9.2/../../../../avr/lib\libpololu_atmega328p.a(OrangutanLCD.o)
                0x00000f62                print_long
 .text._ZN12OrangutanLCD6gotoXYEhh
                0x00000f68       0x40 c:/program files (x86)/atmel/studio/7.0/toolchain/avr8/avr8-gnu-toolchain/bin/../lib/gcc/avr/4.9.2/../../../../avr/lib\libpololu_atmega328p.a(OrangutanLCD.o)
                0x00000f68                _ZN12OrangutanLCD6gotoXYEhh
 .text.lcd_goto_xy
                0x00000fa8        0x6 c:/program files (x86)/atmel/studio/7.0/toolchain/avr8/avr8-gnu-toolchain/bin/../lib/gcc/avr/4.9.2/../../../../avr/lib\libpololu_atmega328p.a(OrangutanLCD.o)
                0x00000fa8                lcd_goto_xy
 .text._ZN16OrangutanDigital9setOutputEhh
                0x00000fae       0x82 c:/program files (x86)/atmel/studio/7.0/toolchain/avr8/avr8-gnu-toolchain/bin/../lib/gcc/avr/4.9.2/../../../../avr/lib\libpololu_atmega328p.a(OrangutanMotors.o)
                0x00000fae                _ZN16OrangutanDigital9setOutputEhh
 .text._ZN15OrangutanMotors5init2Ev
                0x00001030       0x3e c:/program files (x86)/atmel/studio/7.0/toolchain/avr8/avr8-gnu-toolchain/bin/../lib/gcc/avr/4.9.2/../../../../avr/lib\libpololu_atmega328p.a(OrangutanMotors.o)
                0x00001030                _ZN15OrangutanMotors5init2Ev
 .text._ZN15OrangutanMotors4initEv
                0x0000106e       0x14 c:/program files (x86)/atmel/studio/7.0/toolchain/avr8/avr8-gnu-toolchain/bin/../lib/gcc/avr/4.9.2/../../../../avr/lib\libpololu_atmega328p.a(OrangutanMotors.o)
                0x0000106e                _ZN15OrangutanMotors4initEv
 .text._ZN15OrangutanMotors10setM1SpeedEi
                0x00001082       0x3a c:/program files (x86)/atmel/studio/7.0/toolchain/avr8/avr8-gnu-toolchain/bin/../lib/gcc/avr/4.9.2/../../../../avr/lib\libpololu_atmega328p.a(OrangutanMotors.o)
                0x00001082                _ZN15OrangutanMotors10setM1SpeedEi
 .text._ZN15OrangutanMotors10setM2SpeedEi
                0x000010bc       0x42 c:/program files (x86)/atmel/studio/7.0/toolchain/avr8/avr8-gnu-toolchain/bin/../lib/gcc/avr/4.9.2/../../../../avr/lib\libpololu_atmega328p.a(OrangutanMotors.o)
                0x000010bc                _ZN15OrangutanMotors10setM2SpeedEi
 .text._ZN15OrangutanMotors9setSpeedsEii
                0x000010fe       0x16 c:/program files (x86)/atmel/studio/7.0/toolchain/avr8/avr8-gnu-toolchain/bin/../lib/gcc/avr/4.9.2/../../../../avr/lib\libpololu_atmega328p.a(OrangutanMotors.o)
                0x000010fe                _ZN15OrangutanMotors9setSpeedsEii
 .text.set_motors
                0x00001114        0x6 c:/program files (x86)/atmel/studio/7.0/toolchain/avr8/avr8-gnu-toolchain/bin/../lib/gcc/avr/4.9.2/../../../../avr/lib\libpololu_atmega328p.a(OrangutanMotors.o)
                0x00001114                set_motors
 .text._ZN20OrangutanPushbuttons5init2Ev
                0x0000111a       0x20 c:/program files (x86)/atmel/studio/7.0/toolchain/avr8/avr8-gnu-toolchain/bin/../lib/gcc/avr/4.9.2/../../../../avr/lib\libpololu_atmega328p.a(OrangutanPushbuttons.o)
                0x0000111a                _ZN20OrangutanPushbuttons5init2Ev
 .text._ZN20OrangutanPushbuttons4initEv
                0x0000113a       0x14 c:/program files (x86)/atmel/studio/7.0/toolchain/avr8/avr8-gnu-toolchain/bin/../lib/gcc/avr/4.9.2/../../../../avr/lib\libpololu_atmega328p.a(OrangutanPushbuttons.o)
                0x0000113a                _ZN20OrangutanPushbuttons4initEv
 .text._ZN20OrangutanPushbuttons14waitForReleaseEh
                0x0000114e       0x24 c:/program files (x86)/atmel/studio/7.0/toolchain/avr8/avr8-gnu-toolchain/bin/../lib/gcc/avr/4.9.2/../../../../avr/lib\libpololu_atmega328p.a(OrangutanPushbuttons.o)
                0x0000114e                _ZN20OrangutanPushbuttons14waitForReleaseEh
 .text.wait_for_button_release
                0x00001172        0x6 c:/program files (x86)/atmel/studio/7.0/toolchain/avr8/avr8-gnu-toolchain/bin/../lib/gcc/avr/4.9.2/../../../../avr/lib\libpololu_atmega328p.a(OrangutanPushbuttons.o)
                0x00001172                wait_for_button_release
 .text._ZN20OrangutanPushbuttons9isPressedEh
                0x00001178       0x22 c:/program files (x86)/atmel/studio/7.0/toolchain/avr8/avr8-gnu-toolchain/bin/../lib/gcc/avr/4.9.2/../../../../avr/lib\libpololu_atmega328p.a(OrangutanPushbuttons.o)
                0x00001178                _ZN20OrangutanPushbuttons9isPressedEh
 .text.button_is_pressed
                0x0000119a        0x6 c:/program files (x86)/atmel/studio/7.0/toolchain/avr8/avr8-gnu-toolchain/bin/../lib/gcc/avr/4.9.2/../../../../avr/lib\libpololu_atmega328p.a(OrangutanPushbuttons.o)
                0x0000119a                button_is_pressed
 .text.__vector_9
                0x000011a0       0x74 c:/program files (x86)/atmel/studio/7.0/toolchain/avr8/avr8-gnu-toolchain/bin/../lib/gcc/avr/4.9.2/../../../../avr/lib\libpololu_atmega328p.a(OrangutanTime.o)
                0x000011a0                __vector_9
 .text._ZN13OrangutanTime17delayMillisecondsEj
                0x00001214       0x1c c:/program files (x86)/atmel/studio/7.0/toolchain/avr8/avr8-gnu-toolchain/bin/../lib/gcc/avr/4.9.2/../../../../avr/lib\libpololu_atmega328p.a(OrangutanTime.o)
                0x00001214                _ZN13OrangutanTime17delayMillisecondsEj
 .text.delay_ms
                0x00001230        0x6 c:/program files (x86)/atmel/studio/7.0/toolchain/avr8/avr8-gnu-toolchain/bin/../lib/gcc/avr/4.9.2/../../../../avr/lib\libpololu_atmega328p.a(OrangutanTime.o)
                0x00001230                delay_ms
 .text._ZN13OrangutanTime5init2Ev
                0x00001236       0x30 c:/program files (x86)/atmel/studio/7.0/toolchain/avr8/avr8-gnu-toolchain/bin/../lib/gcc/avr/4.9.2/../../../../avr/lib\libpololu_atmega328p.a(OrangutanTime.o)
                0x00001236                _ZN13OrangutanTime5init2Ev
 .text._ZN13OrangutanTime4initEv
                0x00001266       0x14 c:/program files (x86)/atmel/studio/7.0/toolchain/avr8/avr8-gnu-toolchain/bin/../lib/gcc/avr/4.9.2/../../../../avr/lib\libpololu_atmega328p.a(OrangutanTime.o)
                0x00001266                _ZN13OrangutanTime4initEv
 .text._ZN13OrangutanTime2msEv
                0x0000127a       0x26 c:/program files (x86)/atmel/studio/7.0/toolchain/avr8/avr8-gnu-toolchain/bin/../lib/gcc/avr/4.9.2/../../../../avr/lib\libpololu_atmega328p.a(OrangutanTime.o)
                0x0000127a                _ZN13OrangutanTime2msEv
 .text.get_ms   0x000012a0        0x6 c:/program files (x86)/atmel/studio/7.0/toolchain/avr8/avr8-gnu-toolchain/bin/../lib/gcc/avr/4.9.2/../../../../avr/lib\libpololu_atmega328p.a(OrangutanTime.o)
                0x000012a0                get_ms
 .text._ZN13OrangutanTime5resetEv
                0x000012a6       0x2e c:/program files (x86)/atmel/studio/7.0/toolchain/avr8/avr8-gnu-toolchain/bin/../lib/gcc/avr/4.9.2/../../../../avr/lib\libpololu_atmega328p.a(OrangutanTime.o)
                0x000012a6                _ZN13OrangutanTime5resetEv
 .text.time_reset
                0x000012d4        0x6 c:/program files (x86)/atmel/studio/7.0/toolchain/avr8/avr8-gnu-toolchain/bin/../lib/gcc/avr/4.9.2/../../../../avr/lib\libpololu_atmega328p.a(OrangutanTime.o)
                0x000012d4                time_reset
 .text.calibrate_line_sensors
                0x000012da        0xc c:/program files (x86)/atmel/studio/7.0/toolchain/avr8/avr8-gnu-toolchain/bin/../lib/gcc/avr/4.9.2/../../../../avr/lib\libpololu_atmega328p.a(Pololu3pi.o)
                0x000012da                calibrate_line_sensors
 .text.read_line
                0x000012e6       0x10 c:/program files (x86)/atmel/studio/7.0/toolchain/avr8/avr8-gnu-toolchain/bin/../lib/gcc/avr/4.9.2/../../../../avr/lib\libpololu_atmega328p.a(Pololu3pi.o)
                0x000012e6                read_line
 .text._ZN9Pololu3pi4initEjh
                0x000012f6       0x5c c:/program files (x86)/atmel/studio/7.0/toolchain/avr8/avr8-gnu-toolchain/bin/../lib/gcc/avr/4.9.2/../../../../avr/lib\libpololu_atmega328p.a(Pololu3pi.o)
                0x000012f6                _ZN9Pololu3pi4initEjh
 .text.pololu_3pi_init
                0x00001352        0x8 c:/program files (x86)/atmel/studio/7.0/toolchain/avr8/avr8-gnu-toolchain/bin/../lib/gcc/avr/4.9.2/../../../../avr/lib\libpololu_atmega328p.a(Pololu3pi.o)
                0x00001352                pololu_3pi_init
 .text.exit._GLOBAL__sub_D_pololu_3pi_init
                0x0000135a        0xa c:/program files (x86)/atmel/studio/7.0/toolchain/avr8/avr8-gnu-toolchain/bin/../lib/gcc/avr/4.9.2/../../../../avr/lib\libpololu_atmega328p.a(Pololu3pi.o)
 .text.delay_us
                0x00001364       0x10 c:/program files (x86)/atmel/studio/7.0/toolchain/avr8/avr8-gnu-toolchain/bin/../lib/gcc/avr/4.9.2/../../../../avr/lib\libpololu_atmega328p.a(PololuQTRSensors.o)
 .text._ZN16OrangutanDigital14getIORegistersEP8IOStructh
                0x00001374       0x7a c:/program files (x86)/atmel/studio/7.0/toolchain/avr8/avr8-gnu-toolchain/bin/../lib/gcc/avr/4.9.2/../../../../avr/lib\libpololu_atmega328p.a(PololuQTRSensors.o)
                0x00001374                _ZN16OrangutanDigital14getIORegistersEP8IOStructh
 .text._ZN16PololuQTRSensors4initEhhh
                0x000013ee       0x5a c:/program files (x86)/atmel/studio/7.0/toolchain/avr8/avr8-gnu-toolchain/bin/../lib/gcc/avr/4.9.2/../../../../avr/lib\libpololu_atmega328p.a(PololuQTRSensors.o)
                0x000013ee                _ZN16PololuQTRSensors4initEhhh
 .text._ZN16PololuQTRSensors11emittersOffEv
                0x00001448       0x2a c:/program files (x86)/atmel/studio/7.0/toolchain/avr8/avr8-gnu-toolchain/bin/../lib/gcc/avr/4.9.2/../../../../avr/lib\libpololu_atmega328p.a(PololuQTRSensors.o)
                0x00001448                _ZN16PololuQTRSensors11emittersOffEv
 .text._ZN16PololuQTRSensors10emittersOnEv
                0x00001472       0x28 c:/program files (x86)/atmel/studio/7.0/toolchain/avr8/avr8-gnu-toolchain/bin/../lib/gcc/avr/4.9.2/../../../../avr/lib\libpololu_atmega328p.a(PololuQTRSensors.o)
                0x00001472                _ZN16PololuQTRSensors10emittersOnEv
 .text._ZN18PololuQTRSensorsRC4initEPhhjh
                0x0000149a       0xaa c:/program files (x86)/atmel/studio/7.0/toolchain/avr8/avr8-gnu-toolchain/bin/../lib/gcc/avr/4.9.2/../../../../avr/lib\libpololu_atmega328p.a(PololuQTRSensors.o)
                0x0000149a                _ZN18PololuQTRSensorsRC4initEPhhjh
 .text._ZN18PololuQTRSensorsRC11readPrivateEPj
                0x00001544      0x1b0 c:/program files (x86)/atmel/studio/7.0/toolchain/avr8/avr8-gnu-toolchain/bin/../lib/gcc/avr/4.9.2/../../../../avr/lib\libpololu_atmega328p.a(PololuQTRSensors.o)
                0x00001544                _ZN18PololuQTRSensorsRC11readPrivateEPj
 .text._ZN22PololuQTRSensorsAnalog11readPrivateEPj
                0x000016f4       0xfa c:/program files (x86)/atmel/studio/7.0/toolchain/avr8/avr8-gnu-toolchain/bin/../lib/gcc/avr/4.9.2/../../../../avr/lib\libpololu_atmega328p.a(PololuQTRSensors.o)
                0x000016f4                _ZN22PololuQTRSensorsAnalog11readPrivateEPj
 .text._ZN16PololuQTRSensors4readEPjh
                0x000017ee       0xba c:/program files (x86)/atmel/studio/7.0/toolchain/avr8/avr8-gnu-toolchain/bin/../lib/gcc/avr/4.9.2/../../../../avr/lib\libpololu_atmega328p.a(PololuQTRSensors.o)
                0x000017ee                _ZN16PololuQTRSensors4readEPjh
 .text._ZN16PololuQTRSensors16calibrateOnOrOffEPPjS1_h
                0x000018a8      0x202 c:/program files (x86)/atmel/studio/7.0/toolchain/avr8/avr8-gnu-toolchain/bin/../lib/gcc/avr/4.9.2/../../../../avr/lib\libpololu_atmega328p.a(PololuQTRSensors.o)
                0x000018a8                _ZN16PololuQTRSensors16calibrateOnOrOffEPPjS1_h
 .text._ZN16PololuQTRSensors9calibrateEh
                0x00001aaa       0x48 c:/program files (x86)/atmel/studio/7.0/toolchain/avr8/avr8-gnu-toolchain/bin/../lib/gcc/avr/4.9.2/../../../../avr/lib\libpololu_atmega328p.a(PololuQTRSensors.o)
                0x00001aaa                _ZN16PololuQTRSensors9calibrateEh
 .text._ZN16PololuQTRSensors14readCalibratedEPjh
                0x00001af2      0x15a c:/program files (x86)/atmel/studio/7.0/toolchain/avr8/avr8-gnu-toolchain/bin/../lib/gcc/avr/4.9.2/../../../../avr/lib\libpololu_atmega328p.a(PololuQTRSensors.o)
                0x00001af2                _ZN16PololuQTRSensors14readCalibratedEPjh
 .text._ZN16PololuQTRSensors8readLineEPjhh
                0x00001c4c       0xea c:/program files (x86)/atmel/studio/7.0/toolchain/avr8/avr8-gnu-toolchain/bin/../lib/gcc/avr/4.9.2/../../../../avr/lib\libpololu_atmega328p.a(PololuQTRSensors.o)
                0x00001c4c                _ZN16PololuQTRSensors8readLineEPjhh
 .text._ZN16PololuQTRSensorsD2Ev
                0x00001d36       0x3c c:/program files (x86)/atmel/studio/7.0/toolchain/avr8/avr8-gnu-toolchain/bin/../lib/gcc/avr/4.9.2/../../../../avr/lib\libpololu_atmega328p.a(PololuQTRSensors.o)
                0x00001d36                _ZN16PololuQTRSensorsD1Ev
                0x00001d36                _ZN16PololuQTRSensorsD2Ev
 .text.libgcc.div
                0x00001d72       0x18 c:/program files (x86)/atmel/studio/7.0/toolchain/avr8/avr8-gnu-toolchain/bin/../lib/gcc/avr/4.9.2/avr5\libgcc.a(_udivmodqi4.o)
                0x00001d72                __udivmodqi4
 .text.libgcc.div
                0x00001d8a       0x28 c:/program files (x86)/atmel/studio/7.0/toolchain/avr8/avr8-gnu-toolchain/bin/../lib/gcc/avr/4.9.2/avr5\libgcc.a(_udivmodhi4.o)
                0x00001d8a                __udivmodhi4
 .text.libgcc.div
                0x00001db2       0x44 c:/program files (x86)/atmel/studio/7.0/toolchain/avr8/avr8-gnu-toolchain/bin/../lib/gcc/avr/4.9.2/avr5\libgcc.a(_udivmodsi4.o)
                0x00001db2                __udivmodsi4
 .text.libgcc.div
                0x00001df6       0x2e c:/program files (x86)/atmel/studio/7.0/toolchain/avr8/avr8-gnu-toolchain/bin/../lib/gcc/avr/4.9.2/avr5\libgcc.a(_divmodsi4.o)
                0x00001df6                __divmodsi4
 .text.libgcc.div
                0x00001e24       0x10 c:/program files (x86)/atmel/studio/7.0/toolchain/avr8/avr8-gnu-toolchain/bin/../lib/gcc/avr/4.9.2/avr5\libgcc.a(_negsi2.o)
                0x00001e24                __negsi2
 .text.libgcc.mul
                0x00001e34       0x1e c:/program files (x86)/atmel/studio/7.0/toolchain/avr8/avr8-gnu-toolchain/bin/../lib/gcc/avr/4.9.2/avr5\libgcc.a(_umulhisi3.o)
                0x00001e34                __umulhisi3
 .text.libgcc.mul
                0x00001e52       0x16 c:/program files (x86)/atmel/studio/7.0/toolchain/avr8/avr8-gnu-toolchain/bin/../lib/gcc/avr/4.9.2/avr5\libgcc.a(_muluhisi3.o)
                0x00001e52                __muluhisi3
 .text.libgcc.mul
                0x00001e68       0x10 c:/program files (x86)/atmel/studio/7.0/toolchain/avr8/avr8-gnu-toolchain/bin/../lib/gcc/avr/4.9.2/avr5\libgcc.a(_mulshisi3.o)
                0x00001e68                __mulshisi3
                0x00001e6e                __mulohisi3
 .text.libgcc.prologue
                0x00001e78       0x38 c:/program files (x86)/atmel/studio/7.0/toolchain/avr8/avr8-gnu-toolchain/bin/../lib/gcc/avr/4.9.2/avr5\libgcc.a(_prologue.o)
                0x00001e78                __prologue_saves__
 .text.libgcc.prologue
                0x00001eb0       0x36 c:/program files (x86)/atmel/studio/7.0/toolchain/avr8/avr8-gnu-toolchain/bin/../lib/gcc/avr/4.9.2/avr5\libgcc.a(_epilogue.o)
                0x00001eb0                __epilogue_restores__
 .text.libgcc   0x00001ee6        0xc c:/program files (x86)/atmel/studio/7.0/toolchain/avr8/avr8-gnu-toolchain/bin/../lib/gcc/avr/4.9.2/avr5\libgcc.a(_tablejump2.o)
                0x00001ee6                __tablejump2__
 .text.avr-libc
                0x00001ef2      0x25a c:/program files (x86)/atmel/studio/7.0/toolchain/avr8/avr8-gnu-toolchain/bin/../lib/gcc/avr/4.9.2/../../../../avr/lib/avr5\libc.a(malloc.o)
                0x00001ef2                malloc
                0x0000201c                free
                0x0000214c                . = ALIGN (0x2)
 *(.fini9)
 .fini9         0x0000214c        0x0 c:/program files (x86)/atmel/studio/7.0/toolchain/avr8/avr8-gnu-toolchain/bin/../lib/gcc/avr/4.9.2/avr5\libgcc.a(_exit.o)
                0x0000214c                _exit
                0x0000214c                exit
 *(.fini9)
 *(.fini8)
 *(.fini8)
 *(.fini7)
 *(.fini7)
 *(.fini6)
 .fini6         0x0000214c       0x16 c:/program files (x86)/atmel/studio/7.0/toolchain/avr8/avr8-gnu-toolchain/bin/../lib/gcc/avr/4.9.2/avr5\libgcc.a(_dtors.o)
                0x0000214c                __do_global_dtors
 *(.fini6)
 *(.fini5)
 *(.fini5)
 *(.fini4)
 *(.fini4)
 *(.fini3)
 *(.fini3)
 *(.fini2)
 *(.fini2)
 *(.fini1)
 *(.fini1)
 *(.fini0)
 .fini0         0x00002162        0x4 c:/program files (x86)/atmel/studio/7.0/toolchain/avr8/avr8-gnu-toolchain/bin/../lib/gcc/avr/4.9.2/avr5\libgcc.a(_exit.o)
 *(.fini0)
                0x00002166                _etext = .

.data           0x00800100       0x52 load address 0x00002166
                0x00800100                PROVIDE (__data_start, .)
 *(.data)
 .data          0x00800100        0x2 c:/program files (x86)/atmel/studio/7.0/toolchain/avr8/avr8-gnu-toolchain/bin/../lib/gcc/avr/4.9.2/../../../../avr/lib\libpololu_atmega328p.a(OrangutanAnalog.o)
 .data          0x00800102        0xa c:/program files (x86)/atmel/studio/7.0/toolchain/avr8/avr8-gnu-toolchain/bin/../lib/gcc/avr/4.9.2/../../../../avr/lib\libpololu_atmega328p.a(OrangutanBuzzer.o)
                0x0080010b                buzzerFinished
 .data          0x0080010c        0x2 c:/program files (x86)/atmel/studio/7.0/toolchain/avr8/avr8-gnu-toolchain/bin/../lib/gcc/avr/4.9.2/../../../../avr/lib\libpololu_atmega328p.a(OrangutanLCD.o)
                0x0080010c                numLCDCols
                0x0080010d                numLCDRows
 .data          0x0080010e        0x6 c:/program files (x86)/atmel/studio/7.0/toolchain/avr8/avr8-gnu-toolchain/bin/../lib/gcc/avr/4.9.2/../../../../avr/lib/avr5\libc.a(malloc.o)
                0x0080010e                __malloc_heap_end
                0x00800110                __malloc_heap_start
                0x00800112                __malloc_margin
 *(.data*)
 *(.rodata)
 .rodata        0x00800114        0xa main.o
 .rodata        0x0080011e       0x18 c:/program files (x86)/atmel/studio/7.0/toolchain/avr8/avr8-gnu-toolchain/bin/../lib/gcc/avr/4.9.2/../../../../avr/lib\libpololu_atmega328p.a(OrangutanBuzzer.o)
 .rodata        0x00800136        0x5 c:/program files (x86)/atmel/studio/7.0/toolchain/avr8/avr8-gnu-toolchain/bin/../lib/gcc/avr/4.9.2/../../../../avr/lib\libpololu_atmega328p.a(Pololu3pi.o)
 *(.rodata*)
 .rodata.str1.1
                0x0080013b       0x17 main.o
 *(.gnu.linkonce.d*)
                0x00800152                . = ALIGN (0x2)
                0x00800152                _edata = .
                0x00800152                PROVIDE (__data_end, .)

.bss            0x00800152       0x6b
                0x00800152                PROVIDE (__bss_start, .)
 *(.bss)
 .bss           0x00800152        0x9 c:/program files (x86)/atmel/studio/7.0/toolchain/avr8/avr8-gnu-toolchain/bin/../lib/gcc/avr/4.9.2/../../../../avr/lib\libpololu_atmega328p.a(OrangutanBuzzer.o)
                0x00800152                buzzerSequence
                0x00800154                buzzerInitialized
 .bss           0x0080015b        0x8 c:/program files (x86)/atmel/studio/7.0/toolchain/avr8/avr8-gnu-toolchain/bin/../lib/gcc/avr/4.9.2/../../../../avr/lib\libpololu_atmega328p.a(OrangutanLCD.o)
                0x0080015b                lcdTimeout
                0x0080015f                col
                0x00800160                row
                0x00800161                printf_chars
 .bss           0x00800163        0xa c:/program files (x86)/atmel/studio/7.0/toolchain/avr8/avr8-gnu-toolchain/bin/../lib/gcc/avr/4.9.2/../../../../avr/lib\libpololu_atmega328p.a(OrangutanTime.o)
                0x00800163                us_over_10
                0x00800165                msCounter
                0x00800169                tickCount
 .bss           0x0080016d       0x44 c:/program files (x86)/atmel/studio/7.0/toolchain/avr8/avr8-gnu-toolchain/bin/../lib/gcc/avr/4.9.2/../../../../avr/lib\libpololu_atmega328p.a(Pololu3pi.o)
 .bss           0x008001b1        0x4 c:/program files (x86)/atmel/studio/7.0/toolchain/avr8/avr8-gnu-toolchain/bin/../lib/gcc/avr/4.9.2/../../../../avr/lib\libpololu_atmega328p.a(PololuQTRSensors.o)
 *(.bss*)
 .bss._ZZN12OrangutanLCD4initEvE11initialized
                0x008001b5        0x1 c:/program files (x86)/atmel/studio/7.0/toolchain/avr8/avr8-gnu-toolchain/bin/../lib/gcc/avr/4.9.2/../../../../avr/lib\libpololu_atmega328p.a(OrangutanLCD.o)
                0x008001b5                _ZZN12OrangutanLCD4initEvE11initialized
 .bss._ZZN15OrangutanMotors4initEvE11initialized
                0x008001b6        0x1 c:/program files (x86)/atmel/studio/7.0/toolchain/avr8/avr8-gnu-toolchain/bin/../lib/gcc/avr/4.9.2/../../../../avr/lib\libpololu_atmega328p.a(OrangutanMotors.o)
                0x008001b6                _ZZN15OrangutanMotors4initEvE11initialized
 .bss._ZZN20OrangutanPushbuttons4initEvE11initialized
                0x008001b7        0x1 c:/program files (x86)/atmel/studio/7.0/toolchain/avr8/avr8-gnu-toolchain/bin/../lib/gcc/avr/4.9.2/../../../../avr/lib\libpololu_atmega328p.a(OrangutanPushbuttons.o)
                0x008001b7                _ZZN20OrangutanPushbuttons4initEvE11initialized
 .bss._ZZN13OrangutanTime4initEvE11initialized
                0x008001b8        0x1 c:/program files (x86)/atmel/studio/7.0/toolchain/avr8/avr8-gnu-toolchain/bin/../lib/gcc/avr/4.9.2/../../../../avr/lib\libpololu_atmega328p.a(OrangutanTime.o)
                0x008001b8                _ZZN13OrangutanTime4initEvE11initialized
 *(COMMON)
 COMMON         0x008001b9        0x4 c:/program files (x86)/atmel/studio/7.0/toolchain/avr8/avr8-gnu-toolchain/bin/../lib/gcc/avr/4.9.2/../../../../avr/lib/avr5\libc.a(malloc.o)
                0x008001b9                __brkval
                0x008001bb                __flp
                0x008001bd                PROVIDE (__bss_end, .)
                0x00002166                __data_load_start = LOADADDR (.data)
                0x000021b8                __data_load_end = (__data_load_start + SIZEOF (.data))

.noinit         0x008001bd        0x0
                0x008001bd                PROVIDE (__noinit_start, .)
 *(.noinit*)
                0x008001bd                PROVIDE (__noinit_end, .)
                0x008001bd                _end = .
                0x008001bd                PROVIDE (__heap_start, .)

.eeprom         0x00810000        0x0
 *(.eeprom*)
                0x00810000                __eeprom_end = .

.fuse
 *(.fuse)
 *(.lfuse)
 *(.hfuse)
 *(.efuse)

.lock
 *(.lock*)

.signature
 *(.signature*)

.user_signatures
 *(.user_signatures*)

.stab           0x00000000     0x6ed0
 *(.stab)
 .stab          0x00000000      0xb64 c:/program files (x86)/atmel/studio/7.0/toolchain/avr8/avr8-gnu-toolchain/bin/../lib/gcc/avr/4.9.2/../../../../avr/lib\libpololu_atmega328p.a(OrangutanAnalog.o)
                               0x14e8 (size before relaxing)
 .stab          0x00000b64     0x1224 c:/program files (x86)/atmel/studio/7.0/toolchain/avr8/avr8-gnu-toolchain/bin/../lib/gcc/avr/4.9.2/../../../../avr/lib\libpololu_atmega328p.a(OrangutanBuzzer.o)
                               0x15fc (size before relaxing)
 .stab          0x00001d88     0x14a0 c:/program files (x86)/atmel/studio/7.0/toolchain/avr8/avr8-gnu-toolchain/bin/../lib/gcc/avr/4.9.2/../../../../avr/lib\libpololu_atmega328p.a(OrangutanLCD.o)
                               0x2010 (size before relaxing)
 .stab          0x00003228      0xa08 c:/program files (x86)/atmel/studio/7.0/toolchain/avr8/avr8-gnu-toolchain/bin/../lib/gcc/avr/4.9.2/../../../../avr/lib\libpololu_atmega328p.a(OrangutanMotors.o)
                                0xaec (size before relaxing)
 .stab          0x00003c30      0x7e0 c:/program files (x86)/atmel/studio/7.0/toolchain/avr8/avr8-gnu-toolchain/bin/../lib/gcc/avr/4.9.2/../../../../avr/lib\libpololu_atmega328p.a(OrangutanPushbuttons.o)
                                0xe40 (size before relaxing)
 .stab          0x00004410      0x8f4 c:/program files (x86)/atmel/studio/7.0/toolchain/avr8/avr8-gnu-toolchain/bin/../lib/gcc/avr/4.9.2/../../../../avr/lib\libpololu_atmega328p.a(OrangutanTime.o)
                                0xaa4 (size before relaxing)
 .stab          0x00004d04      0x81c c:/program files (x86)/atmel/studio/7.0/toolchain/avr8/avr8-gnu-toolchain/bin/../lib/gcc/avr/4.9.2/../../../../avr/lib\libpololu_atmega328p.a(Pololu3pi.o)
                                0xec4 (size before relaxing)
 .stab          0x00005520     0x19b0 c:/program files (x86)/atmel/studio/7.0/toolchain/avr8/avr8-gnu-toolchain/bin/../lib/gcc/avr/4.9.2/../../../../avr/lib\libpololu_atmega328p.a(PololuQTRSensors.o)
                               0x21a8 (size before relaxing)

.stabstr        0x00000000     0x8ce2
 *(.stabstr)
 .stabstr       0x00000000     0x8ce2 c:/program files (x86)/atmel/studio/7.0/toolchain/avr8/avr8-gnu-toolchain/bin/../lib/gcc/avr/4.9.2/../../../../avr/lib\libpololu_atmega328p.a(OrangutanAnalog.o)

.stab.excl
 *(.stab.excl)

.stab.exclstr
 *(.stab.exclstr)

.stab.index
 *(.stab.index)

.stab.indexstr
 *(.stab.indexstr)

.comment        0x00000000       0x41
 *(.comment)
 .comment       0x00000000       0x30 main.o
                                 0x31 (size before relaxing)
 .comment       0x00000030       0x11 c:/program files (x86)/atmel/studio/7.0/toolchain/avr8/avr8-gnu-toolchain/bin/../lib/gcc/avr/4.9.2/../../../../avr/lib\libpololu_atmega328p.a(OrangutanAnalog.o)
                                 0x12 (size before relaxing)
 .comment       0x00000041       0x12 c:/program files (x86)/atmel/studio/7.0/toolchain/avr8/avr8-gnu-toolchain/bin/../lib/gcc/avr/4.9.2/../../../../avr/lib\libpololu_atmega328p.a(OrangutanBuzzer.o)
 .comment       0x00000041       0x12 c:/program files (x86)/atmel/studio/7.0/toolchain/avr8/avr8-gnu-toolchain/bin/../lib/gcc/avr/4.9.2/../../../../avr/lib\libpololu_atmega328p.a(OrangutanLCD.o)
 .comment       0x00000041       0x12 c:/program files (x86)/atmel/studio/7.0/toolchain/avr8/avr8-gnu-toolchain/bin/../lib/gcc/avr/4.9.2/../../../../avr/lib\libpololu_atmega328p.a(OrangutanMotors.o)
 .comment       0x00000041       0x12 c:/program files (x86)/atmel/studio/7.0/toolchain/avr8/avr8-gnu-toolchain/bin/../lib/gcc/avr/4.9.2/../../../../avr/lib\libpololu_atmega328p.a(OrangutanPushbuttons.o)
 .comment       0x00000041       0x12 c:/program files (x86)/atmel/studio/7.0/toolchain/avr8/avr8-gnu-toolchain/bin/../lib/gcc/avr/4.9.2/../../../../avr/lib\libpololu_atmega328p.a(OrangutanTime.o)
 .comment       0x00000041       0x12 c:/program files (x86)/atmel/studio/7.0/toolchain/avr8/avr8-gnu-toolchain/bin/../lib/gcc/avr/4.9.2/../../../../avr/lib\libpololu_atmega328p.a(Pololu3pi.o)
 .comment       0x00000041       0x12 c:/program files (x86)/atmel/studio/7.0/toolchain/avr8/avr8-gnu-toolchain/bin/../lib/gcc/avr/4.9.2/../../../../avr/lib\libpololu_atmega328p.a(PololuQTRSensors.o)
 .comment       0x00000041       0x31 c:/program files (x86)/atmel/studio/7.0/toolchain/avr8/avr8-gnu-toolchain/bin/../lib/gcc/avr/4.9.2/../../../../avr/lib/avr5\libc.a(malloc.o)

.note.gnu.avr.deviceinfo
                0x00000000       0x40
 .note.gnu.avr.deviceinfo
                0x00000000       0x40 C:/Program Files (x86)/Atmel/Studio/7.0/Packs/atmel/ATmega_DFP/1.0.98/gcc/dev/atmega328p/avr5/crtatmega328p.o

.note.gnu.build-id
 *(.note.gnu.build-id)

.debug
 *(.debug)

.line
 *(.line)

.debug_srcinfo
 *(.debug_srcinfo)

.debug_sfnames
 *(.debug_sfnames)

.debug_aranges  0x00000000       0x40
 *(.debug_aranges)
 .debug_aranges
                0x00000000       0x40 main.o

.debug_pubnames
 *(.debug_pubnames)

.debug_info     0x00000000      0xffd
 *(.debug_info .gnu.linkonce.wi.*)
 .debug_info    0x00000000      0xffd main.o

.debug_abbrev   0x00000000      0x303
 *(.debug_abbrev)
 .debug_abbrev  0x00000000      0x303 main.o

.debug_line     0x00000000      0x6a9
 *(.debug_line .debug_line.* .debug_line_end)
 .debug_line    0x00000000      0x6a9 main.o

.debug_frame    0x00000000       0xbc
 *(.debug_frame)
 .debug_frame   0x00000000       0xbc main.o

.debug_str      0x00000000      0x41b
 *(.debug_str)
 .debug_str     0x00000000      0x41b main.o
                                0x466 (size before relaxing)

.debug_loc      0x00000000      0x48a
 *(.debug_loc)
 .debug_loc     0x00000000      0x48a main.o

.debug_macinfo
 *(.debug_macinfo)

.debug_weaknames
 *(.debug_weaknames)

.debug_funcnames
 *(.debug_funcnames)

.debug_typenames
 *(.debug_typenames)

.debug_varnames
 *(.debug_varnames)

.debug_pubtypes
 *(.debug_pubtypes)

.debug_ranges   0x00000000       0x48
 *(.debug_ranges)
 .debug_ranges  0x00000000       0x48 main.o

.debug_macro
 *(.debug_macro)
OUTPUT(kadai2-1.elf elf32-avr)
LOAD linker stubs
